// Jest Snapshot v1, https://goo.gl/fbAQLP

exports[`commands test suite commands should match the snapshot 1`] = `
Commands {
  "_events": {},
  "_eventsCount": 0,
  "_maxListeners": undefined,
  "onCommandReceive": [Function],
  "send": [Function],
  Symbol(kCapture): false,
}
`;
